Microchip MPLAB XC8 Compiler V2.35

Linker command line:

-W-3 --edf=/opt/microchip/xc8/v2.35/pic/dat/en_msgs.txt -cn \
  -h+dist/default/production/pic_motor_driver.X.production.sym \
  --cmf=dist/default/production/pic_motor_driver.X.production.cmf -z \
  -Q16F1827 -o/tmp/xcXkANbnO --defsym=__MPLAB_BUILD=1 \
  -Mdist/default/production/pic_motor_driver.X.production.map \
  --md=/tmp/xcXgbcLHa.dat -E1 -ver=XC8 Compiler --acfsm=1493 \
  -ACODE=00h-07FFhx2 -ASTRCODE=00h-0FFFh -ASTRING=00h-0FFhx16 \
  -ACONST=00h-0FFhx16 -AENTRY=00h-0FFhx16 -ACOMMON=070h-07Fh \
  -ABANK0=020h-06Fh -ABANK1=0A0h-0EFh -ABANK2=0120h-016Fh \
  -ABANK3=01A0h-01EFh -ABANK4=0220h-024Fh -ABIGRAM=02000h-0216Fh \
  -ARAM=020h-06Fh,0A0h-0EFh,0120h-016Fh,01A0h-01EFh,0220h-024Fh \
  -AABS1=020h-07Fh,0A0h-0EFh,0120h-016Fh,01A0h-01EFh,0220h-024Fh \
  -ASFR0=00h-01Fh -ASFR1=080h-09Fh -ASFR2=0100h-011Fh -ASFR3=0180h-019Fh \
  -ASFR4=0200h-021Fh -ASFR5=0280h-02EFh -ASFR6=0300h-036Fh \
  -ASFR7=0380h-03EFh -ASFR8=0400h-046Fh -ASFR9=0480h-04EFh \
  -ASFR10=0500h-056Fh -ASFR11=0580h-05EFh -ASFR12=0600h-066Fh \
  -ASFR13=0680h-06EFh -ASFR14=0700h-076Fh -ASFR15=0780h-07EFh \
  -ASFR16=0800h-086Fh -ASFR17=0880h-08EFh -ASFR18=0900h-096Fh \
  -ASFR19=0980h-09EFh -ASFR20=0A00h-0A6Fh -ASFR21=0A80h-0AEFh \
  -ASFR22=0B00h-0B6Fh -ASFR23=0B80h-0BEFh -ASFR24=0C00h-0C6Fh \
  -ASFR25=0C80h-0CEFh -ASFR26=0D00h-0D6Fh -ASFR27=0D80h-0DEFh \
  -ASFR28=0E00h-0E6Fh -ASFR29=0E80h-0EEFh -ASFR30=0F00h-0F6Fh \
  -ASFR31=0F80h-0FEFh -ACONFIG=08007h-08008h -DCONFIG=2 \
  -AIDLOC=08000h-08003h -DIDLOC=2 -AEEDATA=00h-0FFh/0F000h \
  -peeprom_data=EEDATA -DEEDATA=2 -DCODE=2 -DSTRCODE=2 -DSTRING=2 -DCONST=2 \
  -DENTRY=2 -preset_vec=00h,intentry=04h,init,end_init -ppowerup=CODE \
  -pcinit=CODE -pfunctab=ENTRY -k /tmp/xcXLiPlHC.o \
  dist/default/production/pic_motor_driver.X.production.o 

Object code version is 3.11

Machine type is 16F1827



                Name                               Link     Load   Length Selector   Space Scale
/tmp/xcXLiPlHC.o
                end_init                             12       12        2        8       0
                reset_vec                             0        0        2        0       0
                config                             8007     8007        2        0       4
                idloc                              8000     8000        4        0       5
dist/default/production/pic_motor_driver.X.production.o
                cinit                                14       14       12        8       0
                intentry                              4        4        E        8       0
                config                             8007     8007        2        0       4
                idloc                              8000     8000        4        0       5
                text9                               27D      27D      1B4        8       0
                text8                               6B6      6B6       23        8       0
                text7                                26       26      257        8       0
                text6                               5D2      5D2       75        8       0
                text5                               526      526       AC        8       0
                text4                               431      431       F5        8       0
                text3                               647      647       46        8       0
                text1                               6D9      6D9       14        8       0
                maintext                            68D      68D       29        8       0
                cstackBANK0                          20       20       49       20       1
                cstackCOMMON                         70       70        E       70       1
                bssBANK1                             A0       A0        6       A0       1
                bssBANK0                             69       69        6       20       1

TOTAL           Name                               Link     Load   Length     Space
        CLASS   CODE           
                end_init                             12       12        2         0
                cinit                                14       14       12         0
                intentry                              4        4        E         0
                reset_vec                             0        0        2         0
                text9                               27D      27D      1B4         0
                text8                               6B6      6B6       23         0
                text7                                26       26      257         0
                text6                               5D2      5D2       75         0
                text5                               526      526       AC         0
                text4                               431      431       F5         0
                text3                               647      647       46         0
                text1                               6D9      6D9       14         0
                maintext                            68D      68D       29         0

        CLASS   STRCODE        

        CLASS   STRING         

        CLASS   CONST          

        CLASS   ENTRY          

        CLASS   COMMON         
                cstackCOMMON                         70       70        E         1

        CLASS   BANK0          
                cstackBANK0                          20       20       49         1
                bssBANK0                             69       69        6         1

        CLASS   BANK1          
                bssBANK1                             A0       A0        6         1

        CLASS   BANK2          

        CLASS   BANK3          

        CLASS   BANK4          

        CLASS   BIGRAM         

        CLASS   RAM            

        CLASS   ABS1           
                abs_s1                               7E       7E        2         1

        CLASS   SFR0           

        CLASS   SFR1           

        CLASS   SFR2           

        CLASS   SFR3           

        CLASS   SFR4           

        CLASS   SFR5           

        CLASS   SFR6           

        CLASS   SFR7           

        CLASS   SFR8           

        CLASS   SFR9           

        CLASS   SFR10          

        CLASS   SFR11          

        CLASS   SFR12          

        CLASS   SFR13          

        CLASS   SFR14          

        CLASS   SFR15          

        CLASS   SFR16          

        CLASS   SFR17          

        CLASS   SFR18          

        CLASS   SFR19          

        CLASS   SFR20          

        CLASS   SFR21          

        CLASS   SFR22          

        CLASS   SFR23          

        CLASS   SFR24          

        CLASS   SFR25          

        CLASS   SFR26          

        CLASS   SFR27          

        CLASS   SFR28          

        CLASS   SFR29          

        CLASS   SFR30          

        CLASS   SFR31          

        CLASS   CONFIG         
                config                             8007     8007        2         4

        CLASS   IDLOC          
                idloc                              8000     8000        4         5

        CLASS   EEDATA         

        CLASS   BANK31         

        CLASS   BANK30         

        CLASS   BANK29         

        CLASS   BANK28         

        CLASS   BANK27         

        CLASS   BANK26         

        CLASS   BANK25         

        CLASS   BANK24         

        CLASS   BANK23         

        CLASS   BANK22         

        CLASS   BANK21         

        CLASS   BANK20         

        CLASS   BANK19         

        CLASS   BANK18         

        CLASS   BANK17         

        CLASS   BANK16         

        CLASS   BANK15         

        CLASS   BANK14         

        CLASS   BANK13         

        CLASS   BANK12         

        CLASS   BANK11         

        CLASS   BANK10         

        CLASS   BANK9          

        CLASS   BANK8          

        CLASS   BANK7          

        CLASS   BANK6          

        CLASS   BANK5          

        CLASS   HEAP           

        CLASS   STACK          



SEGMENTS        Name                           Load    Length   Top    Selector   Space  Class     Delta

                reset_vec                      000000  000002  000002         0       0  CODE        2
                intentry                       000004  0006E9  0006ED         8       0  CODE        2
                bssBANK1                       0000A0  000006  0000A6        A0       1  BANK1       1
                cstackCOMMON                   000070  00000E  00007E        70       1  COMMON      1
                cstackBANK0                    000020  00004F  00006F        20       1  BANK0       1


UNUSED ADDRESS RANGES

        Name                Unused          Largest block    Delta
        BANK0            0006F-0006F               1           1
        BANK1            000A6-000EF              4A           1
        BANK2            00120-0016F              50           1
        BANK3            001A0-001EF              50           1
        BANK4            00220-0024F              30           1
        BIGRAM           02000-0216F             170           1
        CODE             00002-00003               2           2
                         006ED-00FFF             113
        CONST            00002-00003               2           2
                         006ED-00FFF             100
        EEDATA           0F000-0F0FF             100           2
        ENTRY            00002-00003               2           2
                         006ED-00FFF             100
        RAM              0006F-0006F               1           1
                         000A6-000EF              4A
                         00120-0016F              50
                         001A0-001EF              50
                         00220-0024F              30
        SFR0             00000-0001F              20           1
        SFR1             00080-0009F              20           1
        SFR10            00500-0056F              70           1
        SFR11            00580-005EF              70           1
        SFR12            00600-0066F              70           1
        SFR13            00680-006EF              70           1
        SFR14            00700-0076F              70           1
        SFR15            00780-007EF              70           1
        SFR16            00800-0086F              70           1
        SFR17            00880-008EF              70           1
        SFR18            00900-0096F              70           1
        SFR19            00980-009EF              70           1
        SFR2             00100-0011F              20           1
        SFR20            00A00-00A6F              70           1
        SFR21            00A80-00AEF              70           1
        SFR22            00B00-00B6F              70           1
        SFR23            00B80-00BEF              70           1
        SFR24            00C00-00C6F              70           1
        SFR25            00C80-00CEF              70           1
        SFR26            00D00-00D6F              70           1
        SFR27            00D80-00DEF              70           1
        SFR28            00E00-00E6F              70           1
        SFR29            00E80-00EEF              70           1
        SFR3             00180-0019F              20           1
        SFR30            00F00-00F6F              70           1
        SFR31            00F80-00FEF              70           1
        SFR4             00200-0021F              20           1
        SFR5             00280-002EF              70           1
        SFR6             00300-0036F              70           1
        SFR7             00380-003EF              70           1
        SFR8             00400-0046F              70           1
        SFR9             00480-004EF              70           1
        STRCODE          00002-00003               2           2
                         006ED-00FFF             913
        STRING           00002-00003               2           2
                         006ED-00FFF             100

                                  Symbol Table

?__Umul8_16                   cstackCOMMON 00070
?___fldiv                     cstackBANK0  00020
?___flmul                     cstackBANK0  0003A
?___fltol                     cstackBANK0  00054
?___xxtofl                    cstackCOMMON 00070
_ANSELA                       (abs)        0018C
_ANSELB                       (abs)        0018D
_CCP3CON                      (abs)        00313
_CCP4CON                      (abs)        0031A
_CCPR3L                       (abs)        00311
_CCPR4L                       (abs)        00318
_CCPTMRS                      (abs)        0029E
_GIE                          (abs)        0005F
_OSCCONbits                   (abs)        00099
_PEIE                         (abs)        0005E
_PR2                          (abs)        0001B
_PR4                          (abs)        00416
_RB4                          (abs)        0006C
_SSP2ADD                      (abs)        0021A
_SSP2BUF                      (abs)        00219
_SSP2CON1                     (abs)        0021D
_SSP2CON1bits                 (abs)        0021D
_SSP2CON2                     (abs)        0021E
_SSP2CON2bits                 (abs)        0021E
_SSP2CON3                     (abs)        0021F
_SSP2IE                       (abs)        004A0
_SSP2IF                       (abs)        000A0
_SSP2MSK                      (abs)        0021B
_SSP2STAT                     (abs)        0021C
_T2CON                        (abs)        0001C
_T4CON                        (abs)        00417
_TRISA                        (abs)        0008C
_TRISB                        (abs)        0008D
__Habs1                       abs1         00000
__Hbank0                      bank0        00000
__Hbank1                      bank1        00000
__Hbank10                     bank10       00000
__Hbank11                     bank11       00000
__Hbank12                     bank12       00000
__Hbank13                     bank13       00000
__Hbank14                     bank14       00000
__Hbank15                     bank15       00000
__Hbank16                     bank16       00000
__Hbank17                     bank17       00000
__Hbank18                     bank18       00000
__Hbank19                     bank19       00000
__Hbank2                      bank2        00000
__Hbank20                     bank20       00000
__Hbank21                     bank21       00000
__Hbank22                     bank22       00000
__Hbank23                     bank23       00000
__Hbank24                     bank24       00000
__Hbank25                     bank25       00000
__Hbank26                     bank26       00000
__Hbank27                     bank27       00000
__Hbank28                     bank28       00000
__Hbank29                     bank29       00000
__Hbank3                      bank3        00000
__Hbank30                     bank30       00000
__Hbank31                     bank31       00000
__Hbank4                      bank4        00000
__Hbank5                      bank5        00000
__Hbank6                      bank6        00000
__Hbank7                      bank7        00000
__Hbank8                      bank8        00000
__Hbank9                      bank9        00000
__Hbigram                     bigram       00000
__HbssBANK0                   bssBANK0     00000
__HbssBANK1                   bssBANK1     00000
__Hcinit                      cinit        00026
__Hclrtext                    clrtext      00000
__Hcode                       code         00000
__Hcommon                     common       00000
__Hconfig                     config       08009
__HcstackBANK0                cstackBANK0  00000
__HcstackBANK1                cstackBANK1  00000
__HcstackCOMMON               cstackCOMMON 00000
__Heeprom_data                eeprom_data  00000
__Hend_init                   end_init     00014
__Hfunctab                    functab      00000
__Hheap                       heap         00000
__Hidloc                      idloc        08004
__Hinit                       init         00012
__Hintentry                   intentry     00012
__Hmaintext                   maintext     00000
__Hpowerup                    powerup      00000
__Hram                        ram          00000
__Hreset_vec                  reset_vec    00002
__Hsfr0                       sfr0         00000
__Hsfr1                       sfr1         00000
__Hsfr10                      sfr10        00000
__Hsfr11                      sfr11        00000
__Hsfr12                      sfr12        00000
__Hsfr13                      sfr13        00000
__Hsfr14                      sfr14        00000
__Hsfr15                      sfr15        00000
__Hsfr16                      sfr16        00000
__Hsfr17                      sfr17        00000
__Hsfr18                      sfr18        00000
__Hsfr19                      sfr19        00000
__Hsfr2                       sfr2         00000
__Hsfr20                      sfr20        00000
__Hsfr21                      sfr21        00000
__Hsfr22                      sfr22        00000
__Hsfr23                      sfr23        00000
__Hsfr24                      sfr24        00000
__Hsfr25                      sfr25        00000
__Hsfr26                      sfr26        00000
__Hsfr27                      sfr27        00000
__Hsfr28                      sfr28        00000
__Hsfr29                      sfr29        00000
__Hsfr3                       sfr3         00000
__Hsfr30                      sfr30        00000
__Hsfr31                      sfr31        00000
__Hsfr4                       sfr4         00000
__Hsfr5                       sfr5         00000
__Hsfr6                       sfr6         00000
__Hsfr7                       sfr7         00000
__Hsfr8                       sfr8         00000
__Hsfr9                       sfr9         00000
__Hspace_0                    (abs)        006ED
__Hspace_1                    (abs)        000A6
__Hspace_2                    (abs)        00000
__Hspace_3                    (abs)        00000
__Hspace_4                    (abs)        10010
__Hstack                      stack        00000
__Hstrings                    strings      00000
__Htext                       text         00000
__Labs1                       abs1         00000
__Lbank0                      bank0        00000
__Lbank1                      bank1        00000
__Lbank10                     bank10       00000
__Lbank11                     bank11       00000
__Lbank12                     bank12       00000
__Lbank13                     bank13       00000
__Lbank14                     bank14       00000
__Lbank15                     bank15       00000
__Lbank16                     bank16       00000
__Lbank17                     bank17       00000
__Lbank18                     bank18       00000
__Lbank19                     bank19       00000
__Lbank2                      bank2        00000
__Lbank20                     bank20       00000
__Lbank21                     bank21       00000
__Lbank22                     bank22       00000
__Lbank23                     bank23       00000
__Lbank24                     bank24       00000
__Lbank25                     bank25       00000
__Lbank26                     bank26       00000
__Lbank27                     bank27       00000
__Lbank28                     bank28       00000
__Lbank29                     bank29       00000
__Lbank3                      bank3        00000
__Lbank30                     bank30       00000
__Lbank31                     bank31       00000
__Lbank4                      bank4        00000
__Lbank5                      bank5        00000
__Lbank6                      bank6        00000
__Lbank7                      bank7        00000
__Lbank8                      bank8        00000
__Lbank9                      bank9        00000
__Lbigram                     bigram       00000
__LbssBANK0                   bssBANK0     00000
__LbssBANK1                   bssBANK1     00000
__Lcinit                      cinit        00014
__Lclrtext                    clrtext      00000
__Lcode                       code         00000
__Lcommon                     common       00000
__Lconfig                     config       00000
__LcstackBANK0                cstackBANK0  00000
__LcstackBANK1                cstackBANK1  00000
__LcstackCOMMON               cstackCOMMON 00000
__Leeprom_data                eeprom_data  00000
__Lend_init                   end_init     00012
__Lfunctab                    functab      00000
__Lheap                       heap         00000
__Lidloc                      idloc        00000
__Linit                       init         00012
__Lintentry                   intentry     00004
__Lmaintext                   maintext     00000
__Lpowerup                    powerup      00000
__Lram                        ram          00000
__Lreset_vec                  reset_vec    00000
__Lsfr0                       sfr0         00000
__Lsfr1                       sfr1         00000
__Lsfr10                      sfr10        00000
__Lsfr11                      sfr11        00000
__Lsfr12                      sfr12        00000
__Lsfr13                      sfr13        00000
__Lsfr14                      sfr14        00000
__Lsfr15                      sfr15        00000
__Lsfr16                      sfr16        00000
__Lsfr17                      sfr17        00000
__Lsfr18                      sfr18        00000
__Lsfr19                      sfr19        00000
__Lsfr2                       sfr2         00000
__Lsfr20                      sfr20        00000
__Lsfr21                      sfr21        00000
__Lsfr22                      sfr22        00000
__Lsfr23                      sfr23        00000
__Lsfr24                      sfr24        00000
__Lsfr25                      sfr25        00000
__Lsfr26                      sfr26        00000
__Lsfr27                      sfr27        00000
__Lsfr28                      sfr28        00000
__Lsfr29                      sfr29        00000
__Lsfr3                       sfr3         00000
__Lsfr30                      sfr30        00000
__Lsfr31                      sfr31        00000
__Lsfr4                       sfr4         00000
__Lsfr5                       sfr5         00000
__Lsfr6                       sfr6         00000
__Lsfr7                       sfr7         00000
__Lsfr8                       sfr8         00000
__Lsfr9                       sfr9         00000
__Lspace_0                    (abs)        00000
__Lspace_1                    (abs)        00000
__Lspace_2                    (abs)        00000
__Lspace_3                    (abs)        00000
__Lspace_4                    (abs)        00000
__Lstack                      stack        00000
__Lstrings                    strings      00000
__Ltext                       text         00000
__S0                          (abs)        006ED
__S1                          (abs)        000A6
__S3                          (abs)        00000
__Umul8_16                    text8        006B6
__Umul8_16@multiplicand       cstackCOMMON 00070
__Umul8_16@multiplier         cstackCOMMON 00078
__Umul8_16@product            cstackCOMMON 00074
__Umul8_16@word_mpld          cstackCOMMON 00076
___fldiv                      text9        0027D
___fldiv@a                    cstackBANK0  00020
___fldiv@aexp                 cstackBANK0  00039
___fldiv@b                    cstackBANK0  00024
___fldiv@bexp                 cstackBANK0  00038
___fldiv@grs                  cstackBANK0  00034
___fldiv@new_exp              cstackBANK0  00032
___fldiv@rem                  cstackBANK0  0002D
___fldiv@sign                 cstackBANK0  00031
___flmul                      text7        00026
___flmul@a                    cstackBANK0  0003E
___flmul@aexp                 cstackBANK0  0004C
___flmul@b                    cstackBANK0  0003A
___flmul@bexp                 cstackBANK0  0004D
___flmul@grs                  cstackBANK0  00048
___flmul@prod                 cstackBANK0  0004E
___flmul@sign                 cstackBANK0  00047
___flmul@temp                 cstackBANK0  00052
___fltol                      text6        005D2
___fltol@exp1                 cstackBANK0  0005E
___fltol@f1                   cstackBANK0  00054
___fltol@sign1                cstackBANK0  0005D
___heap_hi                    (abs)        00000
___heap_lo                    (abs)        00000
___int_sp                     stack        00000
___latbits                    (abs)        00001
___sp                         stack        00000
___stackhi                    (abs)        00000
___stacklo                    (abs)        00000
___xxtofl                     text5        00526
___xxtofl@arg                 cstackCOMMON 0007A
___xxtofl@exp                 cstackCOMMON 00079
___xxtofl@sign                cstackCOMMON 00078
___xxtofl@val                 cstackCOMMON 00070
__end_of__Umul8_16            text8        006D9
__end_of___fldiv              text9        00431
__end_of___flmul              text7        0027D
__end_of___fltol              text6        00647
__end_of___xxtofl             text5        005D2
__end_of__initialization      cinit        00022
__end_of__isr                 intentry     00012
__end_of_i2c_receive_callback text4        00526
__end_of_i2c_slave_init       text1        006ED
__end_of_i2c_state            text3        0068D
__end_of_main                 maintext     006B6
__initialization              cinit        00014
__isr                         intentry     00004
__pbssBANK0                   bssBANK0     00069
__pbssBANK1                   bssBANK1     000A0
__pcstackBANK0                cstackBANK0  00020
__pcstackBANK1                cstackBANK1  00000
__pcstackCOMMON               cstackCOMMON 00070
__pintentry                   intentry     00004
__pmaintext                   maintext     0068D
__ptext1                      text1        006D9
__ptext3                      text3        00647
__ptext4                      text4        00431
__ptext5                      text5        00526
__ptext6                      text6        005D2
__ptext7                      text7        00026
__ptext8                      text8        006B6
__ptext9                      text9        0027D
_a                            bssBANK0     00069
_duty                         bssBANK0     0006B
_i2c_receive_callback         text4        00431
_i2c_receive_callback$804     cstackBANK0  00063
_i2c_slave_init               text1        006D9
_i2c_state                    text3        00647
_main                         maintext     0068D
_state                        bssBANK0     0006E
_value                        bssBANK0     0006D
btemp                         (abs)        0007E
end_of_initialization         cinit        00022
i2c_receive_callback@data     cstackBANK0  0005F
int$flags                     (abs)        0007E
intlevel0                     functab      00000
intlevel1                     functab      00000
intlevel2                     functab      00000
intlevel3                     functab      00000
intlevel4                     functab      00000
intlevel5                     functab      00000
reset_vec                     reset_vec    00000
start                         init         00012
start_initialization          cinit        00014
wtemp0                        (abs)        0007E


MODULE INFORMATION

Module		Function		Class		Link	Load	Size
/opt/microchip/xc8/v2.35/pic/sources/c99/common/xxtofl.c
		___xxtofl      		CODE           	0526	0000	172

/opt/microchip/xc8/v2.35/pic/sources/c99/common/xxtofl.c estimated size: 172

16F1827.c
		__isr          		CODE           	0004	0000	14
		_i2c_state     		CODE           	0647	0000	70
		_i2c_slave_init		CODE           	06D9	0000	20

16F1827.c estimated size: 104

/opt/microchip/xc8/v2.35/pic/sources/c99/common/sprcmul.c
		___flmul       		CODE           	0026	0000	599

/opt/microchip/xc8/v2.35/pic/sources/c99/common/sprcmul.c estimated size: 599

/opt/microchip/xc8/v2.35/pic/sources/c99/common/sprcdiv.c
		___fldiv       		CODE           	027D	0000	436

/opt/microchip/xc8/v2.35/pic/sources/c99/common/sprcdiv.c estimated size: 436

/opt/microchip/xc8/v2.35/pic/sources/c99/common/fltol.c
		___fltol       		CODE           	05D2	0000	117

/opt/microchip/xc8/v2.35/pic/sources/c99/common/fltol.c estimated size: 117

/opt/microchip/xc8/v2.35/pic/sources/c99/common/Umul8_16.c
		__Umul8_16     		CODE           	06B6	0000	35

/opt/microchip/xc8/v2.35/pic/sources/c99/common/Umul8_16.c estimated size: 35

shared
		__initialization		CODE           	0014	0000	14

shared estimated size: 14

main.c
		_main          		CODE           	068D	0000	41
		_i2c_receive_callback		CODE           	0431	0000	245

main.c estimated size: 286

